Archive member included because of file (symbol)

c:/winavr-20070525/bin/../lib/gcc/avr/4.1.2/avr4\libgcc.a(_udivmodqi4.o)
                              main.o (__udivmodqi4)
c:/winavr-20070525/bin/../lib/gcc/avr/4.1.2/avr4\libgcc.a(_divmodhi4.o)
                              main.o (__divmodhi4)
c:/winavr-20070525/bin/../lib/gcc/avr/4.1.2/avr4\libgcc.a(_exit.o)
                              c:/winavr-20070525/bin/../lib/gcc/avr/4.1.2/../../../../avr/lib/avr4/crtm8535.o (exit)
c:/winavr-20070525/bin/../lib/gcc/avr/4.1.2/avr4\libgcc.a(_copy_data.o)
                              main.o (__do_copy_data)
c:/winavr-20070525/bin/../lib/gcc/avr/4.1.2/avr4\libgcc.a(_clear_bss.o)
                              main.o (__do_clear_bss)
c:/winavr-20070525/bin/../lib/gcc/avr/4.1.2/avr4\libgcc.a(_udivmodhi4.o)
                              c:/winavr-20070525/bin/../lib/gcc/avr/4.1.2/avr4\libgcc.a(_divmodhi4.o) (__udivmodhi4)

Allocating common symbols
Common symbol       size              file

retval3             0x1               main.o
cc_data             0x1               main.o
cc_data2            0x1               main.o
flag                0x1               main.o
delaycounter2       0x2               main.o
cc_data1            0x1               main.o
retval2             0x1               main.o
cc_data3            0x1               main.o
retval              0x1               main.o
retval1             0x1               main.o
delaycounter1       0x2               main.o

Discarded input sections

 .stabstr       0x00000000        0x0 c:/winavr-20070525/bin/../lib/gcc/avr/4.1.2/../../../../avr/lib/avr4/crtm8535.o
 .stabstr       0x00000000        0x0 main.o

Memory Configuration

Name             Origin             Length             Attributes
text             0x00000000         0x00002000         xr
data             0x00800060         0x0000ffa0         rw !x
eeprom           0x00810000         0x00010000         rw !x
*default*        0x00000000         0xffffffff

Linker script and memory map

LOAD c:/winavr-20070525/bin/../lib/gcc/avr/4.1.2/../../../../avr/lib/avr4/crtm8535.o
LOAD main.o
LOAD c:/winavr-20070525/bin/../lib/gcc/avr/4.1.2/../../../../avr/lib/avr4\libm.a
LOAD c:/winavr-20070525/bin/../lib/gcc/avr/4.1.2/avr4\libgcc.a
LOAD c:/winavr-20070525/bin/../lib/gcc/avr/4.1.2/../../../../avr/lib/avr4\libc.a
LOAD c:/winavr-20070525/bin/../lib/gcc/avr/4.1.2/avr4\libgcc.a

.hash
 *(.hash)

.dynsym
 *(.dynsym)

.dynstr
 *(.dynstr)

.gnu.version
 *(.gnu.version)

.gnu.version_d
 *(.gnu.version_d)

.gnu.version_r
 *(.gnu.version_r)

.rel.init
 *(.rel.init)

.rela.init
 *(.rela.init)

.rel.text
 *(.rel.text)
 *(.rel.text.*)
 *(.rel.gnu.linkonce.t*)

.rela.text
 *(.rela.text)
 *(.rela.text.*)
 *(.rela.gnu.linkonce.t*)

.rel.fini
 *(.rel.fini)

.rela.fini
 *(.rela.fini)

.rel.rodata
 *(.rel.rodata)
 *(.rel.rodata.*)
 *(.rel.gnu.linkonce.r*)

.rela.rodata
 *(.rela.rodata)
 *(.rela.rodata.*)
 *(.rela.gnu.linkonce.r*)

.rel.data
 *(.rel.data)
 *(.rel.data.*)
 *(.rel.gnu.linkonce.d*)

.rela.data
 *(.rela.data)
 *(.rela.data.*)
 *(.rela.gnu.linkonce.d*)

.rel.ctors
 *(.rel.ctors)

.rela.ctors
 *(.rela.ctors)

.rel.dtors
 *(.rel.dtors)

.rela.dtors
 *(.rela.dtors)

.rel.got
 *(.rel.got)

.rela.got
 *(.rela.got)

.rel.bss
 *(.rel.bss)

.rela.bss
 *(.rela.bss)

.rel.plt
 *(.rel.plt)

.rela.plt
 *(.rela.plt)

.text           0x00000000      0x68e
 *(.vectors)
 .vectors       0x00000000       0x2a c:/winavr-20070525/bin/../lib/gcc/avr/4.1.2/../../../../avr/lib/avr4/crtm8535.o
                0x00000000                __vectors
                0x00000000                __vector_default
 *(.vectors)
 *(.progmem.gcc*)
 *(.progmem*)
                0x0000002a                . = ALIGN (0x2)
                0x0000002a                __trampolines_start = .
 *(.trampolines)
 .trampolines   0x0000002a        0x0 linker stubs
 *(.trampolines*)
                0x0000002a                __trampolines_end = .
 *(.jumptables)
 *(.jumptables*)
 *(.lowtext)
 *(.lowtext*)
                0x0000002a                __ctors_start = .
 *(.ctors)
                0x0000002a                __ctors_end = .
                0x0000002a                __dtors_start = .
 *(.dtors)
                0x0000002a                __dtors_end = .
 SORT(*)(.ctors)
 SORT(*)(.dtors)
 *(.init0)
 .init0         0x0000002a        0x0 c:/winavr-20070525/bin/../lib/gcc/avr/4.1.2/../../../../avr/lib/avr4/crtm8535.o
                0x0000002a                __init
 *(.init0)
 *(.init1)
 *(.init1)
 *(.init2)
 .init2         0x0000002a        0xc c:/winavr-20070525/bin/../lib/gcc/avr/4.1.2/../../../../avr/lib/avr4/crtm8535.o
 *(.init2)
 *(.init3)
 *(.init3)
 *(.init4)
 .init4         0x00000036       0x16 c:/winavr-20070525/bin/../lib/gcc/avr/4.1.2/avr4\libgcc.a(_copy_data.o)
                0x00000036                __do_copy_data
 .init4         0x0000004c       0x10 c:/winavr-20070525/bin/../lib/gcc/avr/4.1.2/avr4\libgcc.a(_clear_bss.o)
                0x0000004c                __do_clear_bss
 *(.init4)
 *(.init5)
 *(.init5)
 *(.init6)
 *(.init6)
 *(.init7)
 *(.init7)
 *(.init8)
 *(.init8)
 *(.init9)
 .init9         0x0000005c        0x4 c:/winavr-20070525/bin/../lib/gcc/avr/4.1.2/../../../../avr/lib/avr4/crtm8535.o
 *(.init9)
 *(.text)
 .text          0x00000060        0x2 c:/winavr-20070525/bin/../lib/gcc/avr/4.1.2/../../../../avr/lib/avr4/crtm8535.o
                0x00000060                __vector_1
                0x00000060                __vector_12
                0x00000060                __bad_interrupt
                0x00000060                __vector_6
                0x00000060                __vector_3
                0x00000060                __vector_11
                0x00000060                __vector_13
                0x00000060                __vector_17
                0x00000060                __vector_19
                0x00000060                __vector_7
                0x00000060                __vector_5
                0x00000060                __vector_4
                0x00000060                __vector_9
                0x00000060                __vector_2
                0x00000060                __vector_15
                0x00000060                __vector_8
                0x00000060                __vector_14
                0x00000060                __vector_10
                0x00000060                __vector_16
                0x00000060                __vector_20
 .text          0x00000062      0x5c4 main.o
                0x00000156                lcd_showvalue
                0x000000e6                delay_ns
                0x00000134                lcd_char
                0x00000096                delayms
                0x00000232                lcd_gotoxy
                0x00000544                rf_receive_B
                0x00000290                cc_strobe
                0x00000428                rf_transmit
                0x0000024a                lcd_clear
                0x000004aa                cc_writereg_B
                0x000001da                lcd_string
                0x000002a6                Wait
                0x0000045e                cc_readreg
                0x00000250                lcd_init
                0x000005d2                main
                0x00000104                delay_ms
                0x0000050a                cc_readreg_B
                0x000004d0                rf_transmit_B
                0x00000282                spi_master_init
                0x00000062                delayus
                0x000003dc                rf_init
                0x000002c0                cc_reset
                0x000002e8                cc_writereg
                0x00000124                latch
                0x00000302                cc_config
                0x000001ac                lcd_cmd
                0x00000480                rf_receive
                0x0000057e                __vector_18
 .text          0x00000626        0x0 c:/winavr-20070525/bin/../lib/gcc/avr/4.1.2/avr4\libgcc.a(_udivmodqi4.o)
 .text          0x00000626        0x0 c:/winavr-20070525/bin/../lib/gcc/avr/4.1.2/avr4\libgcc.a(_divmodhi4.o)
 .text          0x00000626        0x0 c:/winavr-20070525/bin/../lib/gcc/avr/4.1.2/avr4\libgcc.a(_exit.o)
 .text          0x00000626        0x0 c:/winavr-20070525/bin/../lib/gcc/avr/4.1.2/avr4\libgcc.a(_copy_data.o)
 .text          0x00000626        0x0 c:/winavr-20070525/bin/../lib/gcc/avr/4.1.2/avr4\libgcc.a(_clear_bss.o)
 .text          0x00000626        0x0 c:/winavr-20070525/bin/../lib/gcc/avr/4.1.2/avr4\libgcc.a(_udivmodhi4.o)
                0x00000626                . = ALIGN (0x2)
 *(.text.*)
 .text.libgcc   0x00000626       0x18 c:/winavr-20070525/bin/../lib/gcc/avr/4.1.2/avr4\libgcc.a(_udivmodqi4.o)
                0x00000626                __udivmodqi4
 .text.libgcc   0x0000063e       0x26 c:/winavr-20070525/bin/../lib/gcc/avr/4.1.2/avr4\libgcc.a(_divmodhi4.o)
                0x0000063e                __divmodhi4
                0x0000063e                _div
 .text.libgcc   0x00000664        0x0 c:/winavr-20070525/bin/../lib/gcc/avr/4.1.2/avr4\libgcc.a(_exit.o)
 .text.libgcc   0x00000664        0x0 c:/winavr-20070525/bin/../lib/gcc/avr/4.1.2/avr4\libgcc.a(_copy_data.o)
 .text.libgcc   0x00000664        0x0 c:/winavr-20070525/bin/../lib/gcc/avr/4.1.2/avr4\libgcc.a(_clear_bss.o)
 .text.libgcc   0x00000664       0x28 c:/winavr-20070525/bin/../lib/gcc/avr/4.1.2/avr4\libgcc.a(_udivmodhi4.o)
                0x00000664                __udivmodhi4
                0x0000068c                . = ALIGN (0x2)
 *(.fini9)
 .fini9         0x0000068c        0x0 c:/winavr-20070525/bin/../lib/gcc/avr/4.1.2/avr4\libgcc.a(_exit.o)
                0x0000068c                exit
                0x0000068c                _exit
 *(.fini9)
 *(.fini8)
 *(.fini8)
 *(.fini7)
 *(.fini7)
 *(.fini6)
 *(.fini6)
 *(.fini5)
 *(.fini5)
 *(.fini4)
 *(.fini4)
 *(.fini3)
 *(.fini3)
 *(.fini2)
 *(.fini2)
 *(.fini1)
 *(.fini1)
 *(.fini0)
 .fini0         0x0000068c        0x2 c:/winavr-20070525/bin/../lib/gcc/avr/4.1.2/avr4\libgcc.a(_exit.o)
 *(.fini0)
                0x0000068e                _etext = .

.data           0x00800060       0x18 load address 0x0000068e
                0x00800060                PROVIDE (__data_start, .)
 *(.data)
 .data          0x00800060        0x0 c:/winavr-20070525/bin/../lib/gcc/avr/4.1.2/../../../../avr/lib/avr4/crtm8535.o
 .data          0x00800060       0x17 main.o
 .data          0x00800077        0x0 c:/winavr-20070525/bin/../lib/gcc/avr/4.1.2/avr4\libgcc.a(_udivmodqi4.o)
 .data          0x00800077        0x0 c:/winavr-20070525/bin/../lib/gcc/avr/4.1.2/avr4\libgcc.a(_divmodhi4.o)
 .data          0x00800077        0x0 c:/winavr-20070525/bin/../lib/gcc/avr/4.1.2/avr4\libgcc.a(_exit.o)
 .data          0x00800077        0x0 c:/winavr-20070525/bin/../lib/gcc/avr/4.1.2/avr4\libgcc.a(_copy_data.o)
 .data          0x00800077        0x0 c:/winavr-20070525/bin/../lib/gcc/avr/4.1.2/avr4\libgcc.a(_clear_bss.o)
 .data          0x00800077        0x0 c:/winavr-20070525/bin/../lib/gcc/avr/4.1.2/avr4\libgcc.a(_udivmodhi4.o)
 *(.data*)
 *(.rodata)
 *(.rodata*)
 *(.gnu.linkonce.d*)
                0x00800078                . = ALIGN (0x2)
 *fill*         0x00800077        0x1 00
                0x00800078                _edata = .
                0x00800078                PROVIDE (__data_end, .)

.bss            0x00800078       0x10
                0x00800078                PROVIDE (__bss_start, .)
 *(.bss)
 .bss           0x00800078        0x0 c:/winavr-20070525/bin/../lib/gcc/avr/4.1.2/../../../../avr/lib/avr4/crtm8535.o
 .bss           0x00800078        0x3 main.o
                0x00800079                j
                0x00800078                k
                0x0080007a                save
 .bss           0x0080007b        0x0 c:/winavr-20070525/bin/../lib/gcc/avr/4.1.2/avr4\libgcc.a(_udivmodqi4.o)
 .bss           0x0080007b        0x0 c:/winavr-20070525/bin/../lib/gcc/avr/4.1.2/avr4\libgcc.a(_divmodhi4.o)
 .bss           0x0080007b        0x0 c:/winavr-20070525/bin/../lib/gcc/avr/4.1.2/avr4\libgcc.a(_exit.o)
 .bss           0x0080007b        0x0 c:/winavr-20070525/bin/../lib/gcc/avr/4.1.2/avr4\libgcc.a(_copy_data.o)
 .bss           0x0080007b        0x0 c:/winavr-20070525/bin/../lib/gcc/avr/4.1.2/avr4\libgcc.a(_clear_bss.o)
 .bss           0x0080007b        0x0 c:/winavr-20070525/bin/../lib/gcc/avr/4.1.2/avr4\libgcc.a(_udivmodhi4.o)
 *(.bss*)
 *(COMMON)
 COMMON         0x0080007b        0xd main.o
                0x0080007b                retval3
                0x0080007c                cc_data
                0x0080007d                cc_data2
                0x0080007e                flag
                0x0080007f                delaycounter2
                0x00800081                cc_data1
                0x00800082                retval2
                0x00800083                cc_data3
                0x00800084                retval
                0x00800085                retval1
                0x00800086                delaycounter1
                0x00800088                PROVIDE (__bss_end, .)
                0x0000068e                __data_load_start = LOADADDR (.data)
                0x000006a6                __data_load_end = (__data_load_start + SIZEOF (.data))

.noinit         0x00800088        0x0
                0x00800088                PROVIDE (__noinit_start, .)
 *(.noinit*)
                0x00800088                PROVIDE (__noinit_end, .)
                0x00800088                _end = .
                0x00800088                PROVIDE (__heap_start, .)

.eeprom         0x00810000        0x0
 *(.eeprom*)
                0x00810000                __eeprom_end = .

.stab           0x00000000     0x1704
 *(.stab)
 .stab          0x00000000      0x378 c:/winavr-20070525/bin/../lib/gcc/avr/4.1.2/../../../../avr/lib/avr4/crtm8535.o
 .stab          0x00000378     0x138c main.o
                               0x1398 (size before relaxing)

.stabstr        0x00000000      0xa60
 *(.stabstr)
 .stabstr       0x00000000      0xa60 c:/winavr-20070525/bin/../lib/gcc/avr/4.1.2/../../../../avr/lib/avr4/crtm8535.o

.stab.excl
 *(.stab.excl)

.stab.exclstr
 *(.stab.exclstr)

.stab.index
 *(.stab.index)

.stab.indexstr
 *(.stab.indexstr)

.comment
 *(.comment)

.debug
 *(.debug)

.line
 *(.line)

.debug_srcinfo
 *(.debug_srcinfo)

.debug_sfnames
 *(.debug_sfnames)

.debug_aranges
 *(.debug_aranges)

.debug_pubnames
 *(.debug_pubnames)

.debug_info
 *(.debug_info)
 *(.gnu.linkonce.wi.*)

.debug_abbrev
 *(.debug_abbrev)

.debug_line
 *(.debug_line)

.debug_frame
 *(.debug_frame)

.debug_str
 *(.debug_str)

.debug_loc
 *(.debug_loc)

.debug_macinfo
 *(.debug_macinfo)
OUTPUT(main.elf elf32-avr)
LOAD linker stubs

Cross Reference Table

Symbol                                            File
Wait                                              main.o
__bad_interrupt                                   c:/winavr-20070525/bin/../lib/gcc/avr/4.1.2/../../../../avr/lib/avr4/crtm8535.o
__bss_end                                         c:/winavr-20070525/bin/../lib/gcc/avr/4.1.2/avr4\libgcc.a(_clear_bss.o)
__bss_start                                       c:/winavr-20070525/bin/../lib/gcc/avr/4.1.2/avr4\libgcc.a(_clear_bss.o)
__data_end                                        c:/winavr-20070525/bin/../lib/gcc/avr/4.1.2/avr4\libgcc.a(_copy_data.o)
__data_load_start                                 c:/winavr-20070525/bin/../lib/gcc/avr/4.1.2/avr4\libgcc.a(_copy_data.o)
__data_start                                      c:/winavr-20070525/bin/../lib/gcc/avr/4.1.2/avr4\libgcc.a(_copy_data.o)
__divmodhi4                                       c:/winavr-20070525/bin/../lib/gcc/avr/4.1.2/avr4\libgcc.a(_divmodhi4.o)
                                                  main.o
__do_clear_bss                                    c:/winavr-20070525/bin/../lib/gcc/avr/4.1.2/avr4\libgcc.a(_clear_bss.o)
                                                  main.o
__do_copy_data                                    c:/winavr-20070525/bin/../lib/gcc/avr/4.1.2/avr4\libgcc.a(_copy_data.o)
                                                  main.o
__heap_end                                        c:/winavr-20070525/bin/../lib/gcc/avr/4.1.2/../../../../avr/lib/avr4/crtm8535.o
__init                                            c:/winavr-20070525/bin/../lib/gcc/avr/4.1.2/../../../../avr/lib/avr4/crtm8535.o
__stack                                           c:/winavr-20070525/bin/../lib/gcc/avr/4.1.2/../../../../avr/lib/avr4/crtm8535.o
__udivmodhi4                                      c:/winavr-20070525/bin/../lib/gcc/avr/4.1.2/avr4\libgcc.a(_udivmodhi4.o)
                                                  c:/winavr-20070525/bin/../lib/gcc/avr/4.1.2/avr4\libgcc.a(_divmodhi4.o)
__udivmodqi4                                      c:/winavr-20070525/bin/../lib/gcc/avr/4.1.2/avr4\libgcc.a(_udivmodqi4.o)
                                                  main.o
__vector_1                                        c:/winavr-20070525/bin/../lib/gcc/avr/4.1.2/../../../../avr/lib/avr4/crtm8535.o
__vector_10                                       c:/winavr-20070525/bin/../lib/gcc/avr/4.1.2/../../../../avr/lib/avr4/crtm8535.o
__vector_11                                       c:/winavr-20070525/bin/../lib/gcc/avr/4.1.2/../../../../avr/lib/avr4/crtm8535.o
__vector_12                                       c:/winavr-20070525/bin/../lib/gcc/avr/4.1.2/../../../../avr/lib/avr4/crtm8535.o
__vector_13                                       c:/winavr-20070525/bin/../lib/gcc/avr/4.1.2/../../../../avr/lib/avr4/crtm8535.o
__vector_14                                       c:/winavr-20070525/bin/../lib/gcc/avr/4.1.2/../../../../avr/lib/avr4/crtm8535.o
__vector_15                                       c:/winavr-20070525/bin/../lib/gcc/avr/4.1.2/../../../../avr/lib/avr4/crtm8535.o
__vector_16                                       c:/winavr-20070525/bin/../lib/gcc/avr/4.1.2/../../../../avr/lib/avr4/crtm8535.o
__vector_17                                       c:/winavr-20070525/bin/../lib/gcc/avr/4.1.2/../../../../avr/lib/avr4/crtm8535.o
__vector_18                                       main.o
                                                  c:/winavr-20070525/bin/../lib/gcc/avr/4.1.2/../../../../avr/lib/avr4/crtm8535.o
__vector_19                                       c:/winavr-20070525/bin/../lib/gcc/avr/4.1.2/../../../../avr/lib/avr4/crtm8535.o
__vector_2                                        c:/winavr-20070525/bin/../lib/gcc/avr/4.1.2/../../../../avr/lib/avr4/crtm8535.o
__vector_20                                       c:/winavr-20070525/bin/../lib/gcc/avr/4.1.2/../../../../avr/lib/avr4/crtm8535.o
__vector_3                                        c:/winavr-20070525/bin/../lib/gcc/avr/4.1.2/../../../../avr/lib/avr4/crtm8535.o
__vector_4                                        c:/winavr-20070525/bin/../lib/gcc/avr/4.1.2/../../../../avr/lib/avr4/crtm8535.o
__vector_5                                        c:/winavr-20070525/bin/../lib/gcc/avr/4.1.2/../../../../avr/lib/avr4/crtm8535.o
__vector_6                                        c:/winavr-20070525/bin/../lib/gcc/avr/4.1.2/../../../../avr/lib/avr4/crtm8535.o
__vector_7                                        c:/winavr-20070525/bin/../lib/gcc/avr/4.1.2/../../../../avr/lib/avr4/crtm8535.o
__vector_8                                        c:/winavr-20070525/bin/../lib/gcc/avr/4.1.2/../../../../avr/lib/avr4/crtm8535.o
__vector_9                                        c:/winavr-20070525/bin/../lib/gcc/avr/4.1.2/../../../../avr/lib/avr4/crtm8535.o
__vector_default                                  c:/winavr-20070525/bin/../lib/gcc/avr/4.1.2/../../../../avr/lib/avr4/crtm8535.o
__vectors                                         c:/winavr-20070525/bin/../lib/gcc/avr/4.1.2/../../../../avr/lib/avr4/crtm8535.o
_div                                              c:/winavr-20070525/bin/../lib/gcc/avr/4.1.2/avr4\libgcc.a(_divmodhi4.o)
_exit                                             c:/winavr-20070525/bin/../lib/gcc/avr/4.1.2/avr4\libgcc.a(_exit.o)
cc_config                                         main.o
cc_data                                           main.o
cc_data1                                          main.o
cc_data2                                          main.o
cc_data3                                          main.o
cc_readreg                                        main.o
cc_readreg_B                                      main.o
cc_reset                                          main.o
cc_strobe                                         main.o
cc_writereg                                       main.o
cc_writereg_B                                     main.o
delay_ms                                          main.o
delay_ns                                          main.o
delaycounter1                                     main.o
delaycounter2                                     main.o
delayms                                           main.o
delayus                                           main.o
exit                                              c:/winavr-20070525/bin/../lib/gcc/avr/4.1.2/avr4\libgcc.a(_exit.o)
                                                  c:/winavr-20070525/bin/../lib/gcc/avr/4.1.2/../../../../avr/lib/avr4/crtm8535.o
flag                                              main.o
j                                                 main.o
k                                                 main.o
latch                                             main.o
lcd_char                                          main.o
lcd_clear                                         main.o
lcd_cmd                                           main.o
lcd_gotoxy                                        main.o
lcd_init                                          main.o
lcd_showvalue                                     main.o
lcd_string                                        main.o
main                                              main.o
                                                  c:/winavr-20070525/bin/../lib/gcc/avr/4.1.2/../../../../avr/lib/avr4/crtm8535.o
retval                                            main.o
retval1                                           main.o
retval2                                           main.o
retval3                                           main.o
rf_init                                           main.o
rf_receive                                        main.o
rf_receive_B                                      main.o
rf_transmit                                       main.o
rf_transmit_B                                     main.o
save                                              main.o
spi_master_init                                   main.o
