   1               		.file	"main.c"
   2               		.arch atmega8535
   3               	__SREG__ = 0x3f
   4               	__SP_H__ = 0x3e
   5               	__SP_L__ = 0x3d
   6               	__tmp_reg__ = 0
   7               	__zero_reg__ = 1
   8               		.global __do_copy_data
   9               		.global __do_clear_bss
  11               		.text
  12               	.Ltext0:
  69               	.global	delayms
  71               	delayms:
  73               	.Ltext1:
   1:delay.h       **** /*	delay.h
   2:delay.h       **** *******************************************************************************************
   3:delay.h       **** COPYRIGHT(C)Technophilia Systems
   4:delay.h       **** Date:...............31st May 2011
   5:delay.h       **** Author:.............Prasanta Kumar Nayak
   6:delay.h       **** Organization:.......Technophilia Syestems
   7:delay.h       **** compiler:...........WinAVR
   8:delay.h       **** 
   9:delay.h       **** Description:
  10:delay.h       **** 
  11:delay.h       **** 	This header file generates time delay in the form of mili second and micro second
  12:delay.h       **** 	without affecting any interrupts.
  13:delay.h       **** 
  14:delay.h       **** Functions:
  15:delay.h       **** 
  16:delay.h       **** 	delayms();	  	This function provides delay in the form of mili second
  17:delay.h       **** 	delayus();	  	This function provides delay in the form of micro second
  18:delay.h       **** 	
  19:delay.h       **** *******************************************************************************************/
  20:delay.h       **** 
  21:delay.h       **** #ifndef _DELAY_H_
  22:delay.h       **** #define _DELAY_H_
  23:delay.h       **** 
  24:delay.h       **** unsigned int delaycounter1,delaycounter2;
  25:delay.h       **** 
  26:delay.h       **** void delayms(unsigned int delaytime)
  27:delay.h       **** {
  74               	ue end (size=0) */
  76               	.LM1:
  77               		sts (delaycounter1)+1,__zero_reg__
  28:delay.h       **** 	for(delaycounter1=0;delaycounter1<=delaytime;delaycounter1++)
  78               	t1:
  80 0000 1092 0000 	.LM0:
  81 0004 1092 0000 	/* prologue: frame size=0 */
  82 0008 20E0      	/* prologue end (size=0) */
  84               	.LM1:
  85               		sts (delaycounter1)+1,__zero_reg__
  86               		sts delaycounter1,__zero_reg__
  87 000c 40E0      		ldi r18,lo8(0)
  88 000e 50E0      		ldi r19,hi8(0)
  89               	.L2:
  29:delay.h       **** 	{
  30:delay.h       **** 		for(delaycounter2=0;delaycounter2<=800;delaycounter2++)
  31:delay.h       **** 		{
  32:delay.h       **** 			asm("nop");asm("nop");asm("nop");asm("nop");asm("nop");asm("nop");
  90               	ologue end (size=0) */
  92               	.LM1:
  93 0010 0000      		sts (delaycounter1)+1,__zero_reg__
  94 0012 0000      		sts delaycounter1,__zero_reg__
  95 0014 0000      		ldi r18,lo8(0)
  96 0016 0000      		ldi r19,hi8(0)
  97 0018 0000      	.L2:
  33:delay.h       **** 			asm("nop");asm("nop");asm("nop");asm("nop");asm("nop");asm("nop");
  99               		68,0,28,.LM1-delayms
 100               	.LM1:
 101 001c 0000      		sts (delaycounter1)+1,__zero_reg__
 102 001e 0000      		sts delaycounter1,__zero_reg__
 103 0020 0000      		ldi r18,lo8(0)
 104 0022 0000      		ldi r19,hi8(0)
 105 0024 0000      	.L2:
 107               	.LM2:
 108 0028 4F5F      		ldi r20,lo8(0)
 109 002a 5F4F      		ldi r21,hi8(0)
 110               	.L3:
 112 002c 63E0      	.LM3:
 113 002e 4132      	/* #APP */
 114 0030 5607      		nop
 115 0032 01F4      		nop
 116 0034 2F5F      		nop
 117 0036 3F4F      		nop
 118               		nop
 119               		nop
 121 003a 9307      	.LM4:
 122 003c 00F4      		nop
 123 003e 3093 0000 		nop
 124 0042 2093 0000 		nop
 125 0046 5093 0000 		nop
 126 004a 4093 0000 		nop
 127               		nop
 128 004e 0895      	/* #NOAPP */
 129               		subi r20,lo8(-(1))
 130               		sbci r21,hi8(-(1))
 132               	.LM5:
 133               		ldi r22,hi8(801)
 134               		cpi r20,lo8(801)
 135               		cpc r21,r22
 136               		brne .L3
 137               		subi r18,lo8(-(1))
  34:delay.h       **** 		}
  35:delay.h       **** 	}
  36:delay.h       **** }
  37:delay.h       **** 
  38:delay.h       **** void delayus(unsigned int delaytime)
  39:delay.h       **** {
 138               	ci r21,hi8(-(1))
 140               	.LM5:
 141               		ldi r22,hi8(801)
  40:delay.h       **** 	for(delaycounter1=0;delaycounter1<=delaytime;delaycounter1++)
 142               	nop
 143               		nop
 144 0050 1092 0000 		nop
 145 0054 1092 0000 		nop
 146 0058 20E0      		nop
 147 005a 30E0      		nop
 148               	/* #NOAPP */
  41:delay.h       **** 	{
  42:delay.h       **** 		asm("nop");asm("nop");asm("nop");asm("nop");asm("nop");asm("nop");
 149               	2,.LM3-delayms
 150               	.LM3:
 151               	/* #APP */
 152 005c 0000      		nop
 153 005e 0000      		nop
 154 0060 0000      		nop
 155 0062 0000      		nop
 156 0064 0000      		nop
 157 0066 0000      		nop
  43:delay.h       **** 		asm("nop");asm("nop");asm("nop");asm("nop");
 158               	
 160 0068 0000      	.LM2:
 161 006a 0000      		ldi r20,lo8(0)
 162 006c 0000      		ldi r21,hi8(0)
 163 006e 0000      	.L3:
 165 0070 2F5F      	.LM3:
 166 0072 3F4F      	/* #APP */
 167               		nop
 168               		nop
 169 0074 8217      		nop
 170 0076 9307      		nop
 171 0078 00F4      		nop
 172 007a 3093 0000 		nop
 174               	.LM4:
 175 0082 0895      		nop
 176               		nop
 177               		nop
 178               		nop
 179               		nop
 180               		nop
 181               	/* #NOAPP */
 182               		subi r20,lo8(-(1))
 183               		sbci r21,hi8(-(1))
 185               	.LM5:
   1:main.c        **** /***********************************************************************
   2:main.c        **** 
   3:main.c        **** CODE6: Program to Run LEDs connected in PORTC (With Header)
   4:main.c        **** 
   5:main.c        **** ***********************************************************************
   6:main.c        **** COPYRIGHT(C)Technophilia Systems
   7:main.c        **** Date:...............31st May 2011
   8:main.c        **** Author:.............Prasanta Kumar Nayak
   9:main.c        **** Organization:.......Technophilia Syestems
  10:main.c        **** Target system:......AVR devlopment board s/n-107010
  11:main.c        **** Manufacturer:.......Technophilia Syestems
  12:main.c        **** Microcontroller:....ATmega-8535
  13:main.c        **** Clock:..............16mhz
  14:main.c        **** 
  15:main.c        **** ***********************************************************************/
  16:main.c        **** 
  17:main.c        **** #include<avr/io.h>		//This is the header for AVR Microcontroller.
  18:main.c        **** #include"delay.h"       //This is the working header file for delay.
  19:main.c        **** 
  20:main.c        **** int main(void)
  21:main.c        **** {
 186               	LM4-delayms
 187               	.LM4:
 188               		nop
 189               		nop
  22:main.c        **** 	PORTC=0X00;			//PortC initiallization as all bits low.
 190               	0)
 191               		ldi r21,hi8(0)
 192 0084 15BA      	.L3:
  23:main.c        **** 	DDRC=0XF0;			//PortC data direction declaration as out put.
 193               	)+1,__zero_reg__
 194               		sts delaycounter1,__zero_reg__
 195 0086 80EF      		ldi r18,lo8(0)
 196 0088 84BB      		ldi r19,hi8(0)
 197               	.L2:
  24:main.c        **** 	
  25:main.c        **** 	while(1)			//This is for the the infinity loop.
  26:main.c        **** 	{	
  27:main.c        **** 		PORTC=0x10;		//Turning ON LED1
 198               	ologue end (size=0) */
 200 008a 80E1      	.LM1:
 201 008c 85BB      		sts (delaycounter1)+1,__zero_reg__
  28:main.c        **** 		delayms(1000);	//Delay of 1sec
 202               	t1:
 204 008e 88EE      	.LM0:
 205 0090 93E0      	/* prologue: frame size=0 */
 206 0092 00D0      	/* prologue end (size=0) */
  29:main.c        **** 		PORTC=0x20;		//Turning ON LED2
 208               	delayms:
 210 0096 85BB      	.Ltext1:
  30:main.c        **** 		delayms(1000);  //Delay of 1sec
 211               	0
 214 009a 93E0      	.global	delayms
  31:main.c        **** 		PORTC=0x40;		//Turning ON LED3
 216               	,0
  32:main.c        **** 		delayms(1000);	//Delay of 1sec
 220               	4,8)",128,0,0,0
  33:main.c        **** 		PORTC=0x80;		//Turning ON LED4
 225               	128,0,0,0
  34:main.c        **** 		delayms(1000);  //Delay of 1sec
 229               	fast64_t:t(4,26)=(4,8)",128,0,0,0
 240               	.global	delayms
 242               	delayms:
 244               	.Ltext1:
 246               	.LM0:
 247               	/* prologue: frame size=0 */
DEFINED SYMBOLS
                            *ABS*:00000000 main.c
C:\DOCUME~1\TECHNO~1\LOCALS~1\Temp/cc0WS6dc.s:3      *ABS*:0000003f __SREG__
C:\DOCUME~1\TECHNO~1\LOCALS~1\Temp/cc0WS6dc.s:4      *ABS*:0000003e __SP_H__
C:\DOCUME~1\TECHNO~1\LOCALS~1\Temp/cc0WS6dc.s:5      *ABS*:0000003d __SP_L__
C:\DOCUME~1\TECHNO~1\LOCALS~1\Temp/cc0WS6dc.s:6      *ABS*:00000000 __tmp_reg__
C:\DOCUME~1\TECHNO~1\LOCALS~1\Temp/cc0WS6dc.s:7      *ABS*:00000001 __zero_reg__
C:\DOCUME~1\TECHNO~1\LOCALS~1\Temp/cc0WS6dc.s:71     .text:00000000 delayms
                            *COM*:00000002 delaycounter1
                            *COM*:00000002 delaycounter2
C:\DOCUME~1\TECHNO~1\LOCALS~1\Temp/cc0WS6dc.s:137    .text:00000050 delayus
C:\DOCUME~1\TECHNO~1\LOCALS~1\Temp/cc0WS6dc.s:183    .text:00000084 main

UNDEFINED SYMBOLS
__do_copy_data
__do_clear_bss
