   1               		.file	"main.c"
   2               		.arch atmega8535
   3               	__SREG__ = 0x3f
   4               	__SP_H__ = 0x3e
   5               	__SP_L__ = 0x3d
   6               	__tmp_reg__ = 0
   7               	__zero_reg__ = 1
   8               		.global __do_copy_data
   9               		.global __do_clear_bss
  11               		.text
  12               	.Ltext0:
  69               	.global	delayms
  71               	delayms:
  73               	.Ltext1:
   1:delay.h       **** /*	delay.h
   2:delay.h       **** *******************************************************************************************
   3:delay.h       **** COPYRIGHT(C)Technophilia Systems
   4:delay.h       **** Date:...............31st May 2011
   5:delay.h       **** Author:.............Prasanta Kumar Nayak
   6:delay.h       **** Organization:.......Technophilia Syestems
   7:delay.h       **** compiler:...........WinAVR
   8:delay.h       **** 
   9:delay.h       **** Description:
  10:delay.h       **** 
  11:delay.h       **** 	This header file generates time delay in the form of mili second and micro second
  12:delay.h       **** 	without affecting any interrupts.
  13:delay.h       **** 
  14:delay.h       **** Functions:
  15:delay.h       **** 
  16:delay.h       **** 	delayms();	  	This function provides delay in the form of mili second
  17:delay.h       **** 	delayus();	  	This function provides delay in the form of micro second
  18:delay.h       **** 	
  19:delay.h       **** *******************************************************************************************/
  20:delay.h       **** 
  21:delay.h       **** #ifndef _DELAY_H_
  22:delay.h       **** #define _DELAY_H_
  23:delay.h       **** 
  24:delay.h       **** unsigned int delaycounter1,delaycounter2;
  25:delay.h       **** 
  26:delay.h       **** void delayms(unsigned int delaytime)
  27:delay.h       **** {
  74               	ue end (size=0) */
  76               	.LM1:
  77               		sts (delaycounter1)+1,__zero_reg__
  28:delay.h       **** 	for(delaycounter1=0;delaycounter1<=delaytime;delaycounter1++)
  78               	ext1:
  80 0000 1092 0000 	.LM0:
  81 0004 1092 0000 	/* prologue: frame size=0 */
  82 0008 20E0      	/* prologue end (size=0) */
  84               	.LM1:
  85               		sts (delaycounter1)+1,__zero_reg__
  86               		sts delaycounter1,__zero_reg__
  87 000c 40E0      		ldi r18,lo8(0)
  88 000e 50E0      		ldi r19,hi8(0)
  89               	.L2:
  29:delay.h       **** 	{
  30:delay.h       **** 		for(delaycounter2=0;delaycounter2<=800;delaycounter2++)
  31:delay.h       **** 		{
  32:delay.h       **** 			asm("nop");asm("nop");asm("nop");asm("nop");asm("nop");asm("nop");
  90               	prologue end (size=0) */
  92               	.LM1:
  93 0010 0000      		sts (delaycounter1)+1,__zero_reg__
  94 0012 0000      		sts delaycounter1,__zero_reg__
  95 0014 0000      		ldi r18,lo8(0)
  96 0016 0000      		ldi r19,hi8(0)
  97 0018 0000      	.L2:
  33:delay.h       **** 			asm("nop");asm("nop");asm("nop");asm("nop");asm("nop");asm("nop");
  99               	bn	68,0,28,.LM1-delayms
 100               	.LM1:
 101 001c 0000      		sts (delaycounter1)+1,__zero_reg__
 102 001e 0000      		sts delaycounter1,__zero_reg__
 103 0020 0000      		ldi r18,lo8(0)
 104 0022 0000      		ldi r19,hi8(0)
 105 0024 0000      	.L2:
 107               	.LM2:
 108 0028 4F5F      		ldi r20,lo8(0)
 109 002a 5F4F      		ldi r21,hi8(0)
 110               	.L3:
 112 002c 63E0      	.LM3:
 113 002e 4132      	/* #APP */
 114 0030 5607      		nop
 115 0032 01F4      		nop
 116 0034 2F5F      		nop
 117 0036 3F4F      		nop
 118               		nop
 119               		nop
 121 003a 9307      	.LM4:
 122 003c 00F4      		nop
 123 003e 3093 0000 		nop
 124 0042 2093 0000 		nop
 125 0046 5093 0000 		nop
 126 004a 4093 0000 		nop
 127               		nop
 128 004e 0895      	/* #NOAPP */
 129               		subi r20,lo8(-(1))
 130               		sbci r21,hi8(-(1))
 132               	.LM5:
 133               		ldi r22,hi8(801)
 134               		cpi r20,lo8(801)
 135               		cpc r21,r22
 136               		brne .L3
 137               		subi r18,lo8(-(1))
  34:delay.h       **** 		}
  35:delay.h       **** 	}
  36:delay.h       **** }
  37:delay.h       **** 
  38:delay.h       **** void delayus(unsigned int delaytime)
  39:delay.h       **** {
 138               	sbci r21,hi8(-(1))
 140               	.LM5:
 141               		ldi r22,hi8(801)
  40:delay.h       **** 	for(delaycounter1=0;delaycounter1<=delaytime;delaycounter1++)
 142               	
 143               		nop
 144 0050 1092 0000 		nop
 145 0054 1092 0000 		nop
 146 0058 20E0      		nop
 147 005a 30E0      		nop
 148               		nop
  41:delay.h       **** 	{
  42:delay.h       **** 		asm("nop");asm("nop");asm("nop");asm("nop");asm("nop");asm("nop");
 149               	:
 151               	.LM3:
 152 005c 0000      	/* #APP */
 153 005e 0000      		nop
 154 0060 0000      		nop
 155 0062 0000      		nop
 156 0064 0000      		nop
 157 0066 0000      		nop
  43:delay.h       **** 		asm("nop");asm("nop");asm("nop");asm("nop");
 158               	(0)
 159               	.L2:
 161 006a 0000      	.LM2:
 162 006c 0000      		ldi r20,lo8(0)
 163 006e 0000      		ldi r21,hi8(0)
 164               	.L3:
 166 0072 3F4F      	.LM3:
 167               	/* #APP */
 168               		nop
 169 0074 8217      		nop
 170 0076 9307      		nop
 171 0078 00F4      		nop
 172 007a 3093 0000 		nop
 173 007e 2093 0000 		nop
 175 0082 0895      	.LM4:
 176               		nop
 177               		nop
 178               		nop
 179               		nop
 180               		nop
 181               		nop
 182               	/* #NOAPP */
 183               		subi r20,lo8(-(1))
 184               		sbci r21,hi8(-(1))
   1:main.c        **** /***********************************************************************
   2:main.c        **** 
   3:main.c        **** CODE4.2: Program for MOTOR test by switches
   4:main.c        **** 
   5:main.c        **** ***********************************************************************
   6:main.c        **** COPYRIGHT(C)Technophilia Systems
   7:main.c        **** Date:...............1st May 2011
   8:main.c        **** Author:.............Prasanta Kumar Nayak
   9:main.c        **** Organization:.......Technophilia Syestems
  10:main.c        **** Target system:......AVR devlopment board s/n-107010
  11:main.c        **** Manufacturer:.......Technophilia Syestems
  12:main.c        **** Microcontroller:....ATmega-8535
  13:main.c        **** Clock:..............16mhz
  14:main.c        **** 
  15:main.c        **** ***********************************************************************/
  16:main.c        **** 
  17:main.c        **** #include<avr/io.h>		//This is the header for AVR Microcontroller.
  18:main.c        **** #include"delay.h"       //This is the working header file for delay.
  19:main.c        **** 
  20:main.c        **** void main()
  21:main.c        **** {
 186               	68,0,33,.LM4-delayms
 187               	.LM4:
 188               		nop
 189               		nop
  22:main.c        **** 	PORTD=0X00;			// PortD initiallization as all bits low.
 190               	8(0)
 191               		ldi r21,hi8(0)
 192 0084 12BA      	.L3:
  23:main.c        **** 	DDRD=0XF0;			// PortD data direction declaration as out put.
 193               	r1)+1,__zero_reg__
 194               		sts delaycounter1,__zero_reg__
 195 0086 80EF      		ldi r18,lo8(0)
 196 0088 81BB      		ldi r19,hi8(0)
  24:main.c        **** 	
  25:main.c        **** 	PORTA=0XF0;			// PortA initiallization, upper nibble high
 197               	*/
 198               	/* prologue end (size=0) */
  26:main.c        **** 	DDRA=0X00;			// PortA data direction declaration as input.
 200               	layms:
 202 008c 1ABA      	.Ltext1:
 204 0090 20EA      	.LM0:
 205 0092 90E4      	/* prologue: frame size=0 */
 206 0094 80E1      	/* prologue end (size=0) */
  27:main.c        **** 	
  28:main.c        **** 	while(1)			//This is for the the infinity loop.
  29:main.c        **** 	{	
  30:main.c        **** 		if((PINA&0x10)==0x00)
 208               	layms:
 210 0096 CC9B      	.Ltext1:
  31:main.c        **** 		 {
  32:main.c        ****  		  PORTD=0x50;		// Move forward
 211               	0,0
 214               	.global	delayms
  33:main.c        **** 		 }
  34:main.c        **** 		if((PINA&0x20)==0x00)
 215               	arptr_t:t(3,2)=(4,6)",128,0,0,0
  35:main.c        **** 		 {
  36:main.c        ****  		  PORTD=0xA0;		// Move backward
 218               		"uintmax_t:t(4,28)=(4,8)",128,0,0,0
  37:main.c        **** 		 }		 
  38:main.c        **** 		if((PINA&0x40)==0x00)
 222               	max_t:t(4,27)=(4,7)",128,0,0,0
  39:main.c        **** 		 {
  40:main.c        ****  		  PORTD=0x40;		// Turn right
 225               	_fast64_t:t(4,25)=(4,7)",128,0,0,0
  41:main.c        **** 		 }
  42:main.c        **** 		if((PINA&0x80)==0x00)
 229               	,0,0,0
  43:main.c        **** 		 {
  44:main.c        ****  		  PORTD=0x10;		// Turn left
 233               	0,0
 247               	.global	delayms
 249               	delayms:
DEFINED SYMBOLS
                            *ABS*:00000000 main.c
C:\Users\User\AppData\Local\Temp/ccalu2b6.s:3      *ABS*:0000003f __SREG__
C:\Users\User\AppData\Local\Temp/ccalu2b6.s:4      *ABS*:0000003e __SP_H__
C:\Users\User\AppData\Local\Temp/ccalu2b6.s:5      *ABS*:0000003d __SP_L__
C:\Users\User\AppData\Local\Temp/ccalu2b6.s:6      *ABS*:00000000 __tmp_reg__
C:\Users\User\AppData\Local\Temp/ccalu2b6.s:7      *ABS*:00000001 __zero_reg__
C:\Users\User\AppData\Local\Temp/ccalu2b6.s:71     .text:00000000 delayms
                            *COM*:00000002 delaycounter1
                            *COM*:00000002 delaycounter2
C:\Users\User\AppData\Local\Temp/ccalu2b6.s:137    .text:00000050 delayus
C:\Users\User\AppData\Local\Temp/ccalu2b6.s:183    .text:00000084 main

UNDEFINED SYMBOLS
__do_copy_data
__do_clear_bss
